Godot Engine v4.7.1.stable.official.a13da4feb - https://godotengine.org

RENDER: tier=budget sdfgi=on c3 cell0.75 r16 l16 ssr=on s12 volfog=on 48x48 aa=off+taa sky=custom(m16)+scatter shadow=450m/pcss0.53deg grade=lut32 exposure=tod
DOWNTOWN TYPES: 108 towers = corp 22 / deco 13 / slab 25 / brick 21 / deck 14 / signblock 10 / site 3 — 5344 instances in 17 MultiMeshes + 142 signs
HOSPITAL NIGHT: 14 lights (mast 6, canopy 4, wash 3, door 1), 8 pools, 0 shadow maps, 3 draw calls, built in 0.1 ms
POOLS: arterial=536 (42 intersection box washes, D-070) soft=312 inst=8 (3 draw calls, 0 lights, 0 per-frame work)
SUBURB NIGHT: 492 lights (porch 245, flood 67, tv 24, head 156), 0 shadow maps, built in 1.7 ms
SKIN MICRO: skin 256^2 in 135 ms
SKIN MICRO: cloth 256^2 in 106 ms
SESSION OK: session is loaded
SESSION OK: opening screen pauses the world
SESSION OK: vehicle stays frozen in menu
SESSION OK: playtime stays frozen in menu
SESSION OK: opening screen supports keyboard navigation
SESSION OK: first job points at the real dispatch trigger
SESSION OK: dispatch gets a street route
SESSION OK: route segment 1 follows a street axis
SESSION OK: route segment 2 follows a street axis
SESSION OK: route segment 3 follows a street axis
SESSION OK: route segment 4 follows a street axis
SESSION OK: route segment 5 follows a street axis
SESSION OK: route segment 6 follows a street axis
SESSION OK: route segment 7 follows a street axis
SESSION OK: route segment 8 follows a street axis
SESSION OK: route segment 9 follows a street axis
SESSION OK: route segment 10 follows a street axis
SESSION OK: unmapped roads use bearing instead of fake GPS
SESSION OK: map coordinate conversion round-trips
SESSION OK: nearby map markers select the closest activity
SESSION OK: resume restores play
SESSION OK: weapon wheel opens before pause
SESSION OK: pause closes weapon wheel and releases slow motion
SESSION OK: menu caps rendering work
SESSION OK: active mission target overrides selected waypoint
SESSION OK: delivery guidance switches to impound
SESSION OK: waypoint returns after mission ends
SESSION OK: clear removes navigation marker
SESSION OK: Escape opens pause menu
SESSION OK: Escape resumes paused game
SESSION OK: resume restores HUD
SESSION OK: vehicle exit still works
SESSION OK: pause works on foot
SESSION OK: vehicle entry still works after pause
SESSION TEST: PASS (0 failures)
